rehearsal registry on http://127.0.0.1:18766: pypi=['actenon-kernel', 'actenon-permit', 'actenon-protocol'] npm=['@actenon/protocol-types', '@actenon/sdk', '@actenon/verifier-sdk'] cargo=['ac/te/actenon-verifier-sdk']
registry GET /cargo/index/config.json
registry GET /pypi/simple/actenon-permit/
registry GET /pypi/files/actenon_permit-2.0.0-py3-none-any.whl
registry GET /pypi/simple/actenon-protocol/
registry GET /pypi/files/actenon_protocol-1.4.0-py3-none-any.whl
registry GET /pypi/simple/actenon-kernel/
registry GET /pypi/files/actenon_kernel-1.3.0-py3-none-any.whl
registry GET /pypi/simple/fastapi/
registry GET /pypi/simple/httpx/
registry GET /pypi/simple/pydantic/
registry GET /pypi/simple/pytest-asyncio/
registry GET /pypi/simple/pyyaml/
registry GET /pypi/simple/typer/
registry GET /pypi/simple/uvicorn/
registry GET /pypi/simple/cryptography/
registry GET /pypi/simple/psycopg/
registry GET /pypi/simple/cffi/
registry GET /pypi/simple/starlette/
registry GET /pypi/simple/typing-extensions/
registry GET /pypi/simple/typing-inspection/
registry GET /pypi/simple/annotated-doc/
registry GET /pypi/simple/opentelemetry-api/
registry GET /pypi/simple/anyio/
registry GET /pypi/simple/certifi/
registry GET /pypi/simple/httpcore/
registry GET /pypi/simple/idna/
registry GET /pypi/simple/h11/
registry GET /pypi/simple/psycopg-binary/
registry GET /pypi/simple/annotated-types/
registry GET /pypi/simple/pydantic-core/
registry GET /pypi/simple/pytest/
registry GET /pypi/simple/shellingham/
registry GET /pypi/simple/rich/
registry GET /pypi/simple/click/
registry GET /pypi/simple/pycparser/
registry GET /pypi/simple/iniconfig/
registry GET /pypi/simple/packaging/
registry GET /pypi/simple/pluggy/
registry GET /pypi/simple/pygments/
registry GET /pypi/simple/markdown-it-py/
registry GET /pypi/simple/mdurl/
registry GET /npm/@actenon%2fverifier-sdk
registry GET /npm/-/actenon-verifier-sdk-0.2.0.tgz
registry GET /cargo/index/config.json
registry GET /cargo/index/ac/te/actenon-verifier-sdk
registry GET /cargo/dl/actenon-verifier-sdk/0.2.0/download
