
> @actenon/verifier-sdk@0.2.0 test
> node --import tsx --test ./tests/*.test.ts

✔ counter-signature verifies offline under a historical kid (46.221542ms)
✔ counter-signature accepts a pinned receipt digest (18.112833ms)
✔ counter-signature rejects an unknown kid (26.310709ms)
✔ counter-signature rejects a wrong public key (7.298917ms)
✔ counter-signature rejects an altered receipt digest (12.469583ms)
▶ edge-binding vectors (E1-E4)
  ✔ e1_declared_capability (34.859625ms)
  ✔ e1_superset_declaration (3.480125ms)
  ✔ e1_other_capability (6.661667ms)
  ✔ e1_empty_declaration (16.733667ms)
  ✔ e1_pattern_not_expanded (15.783583ms)
  ✔ e1_case_sensitive (7.725958ms)
  ✔ e2_empty_constraints (3.8005ms)
  ✔ e2_signed_constraint_declared (5.203875ms)
  ✔ e2_value_differs (9.169542ms)
  ✔ e2_key_not_signed (1.354042ms)
  ✔ e2_type_differs (1.338833ms)
  ✔ e3_empty_selectors (5.737166ms)
  ✔ e3_resource_id_matches (3.231792ms)
  ✔ e3_resource_type_matches (1.775666ms)
  ✔ e3_id_and_type_match (0.812791ms)
  ✔ e3_any_of (1.198667ms)
  ✔ e3_other_resource (7.2905ms)
  ✔ e3_partial_match_is_not_a_match (2.172041ms)
  ✔ e3_unknown_selector_key (1.491083ms)
  ✔ e4_single_use_true (0.780208ms)
  ✔ e4_single_use_false_signed (3.694167ms)
  ✔ mixed_edge_scope_star (1.711375ms)
  ✔ mixed_edge_scope_question (3.766042ms)
  ✔ mixed_edge_scope_brackets (1.103583ms)
✔ edge-binding vectors (E1-E4) (171.878791ms)
✔ the parsed-object verify entry points are not exposed (0.074834ms)
✔ Ed25519 JWK verifier verifies an EdDSA proof and refuses tampering (11.655417ms)
✔ Ed25519 verifier refuses unusable keys (0.273083ms)
▶ edge-revocation vectors (E5)
  ✔ e5_revocable_not_revoked (3.595667ms)
  ✔ e5_revocable_revoked (1.476834ms)
  ✔ e5_revocable_source_unavailable (1.926333ms)
  ✔ e5_revocable_no_source (1.689459ms)
  ✔ e5_non_revocable_no_source (0.827ms)
  ✔ e5_non_revocable_revoked_source (1.665166ms)
  ✔ e5_no_authority_no_source (0.791958ms)
  ✔ e5_malformed_authority (1.073291ms)
  ✔ authority_missing_issuer (0.76525ms)
  ✔ authority_missing_grant_id (0.874875ms)
  ✔ authority_missing_revocable (1.940083ms)
✔ edge-revocation vectors (E5) (20.848583ms)
✔ Protocol's frozen invalid depth vector is refused (5.497917ms)
✔ Protocol depth 0 (0.267458ms)
✔ Protocol depth 31 (0.134667ms)
✔ Protocol depth 32 (0.120125ms)
✔ Protocol depth 33 (0.128083ms)
✔ Protocol depth 127 (0.315875ms)
✔ frozen Protocol raw corpus: exact decisions and canonical bytes (11.092458ms)
✔ verifyJSON accepts the raw shared vector (40.630666ms)
✔ verifyJSON refuses duplicate object members in the intent and the proof (11.466458ms)
✔ verifyJSON refuses non-integer number lexemes that JSON.parse would collapse (1.814417ms)
✔ verifyJSON refuses malformed and non-JSON-text input (22.385208ms)
✔ signature values must be canonical unpadded base64url (39.243708ms)
✔ verifyJSON does not discard an injected __proto__ parameter (20.341792ms)
✔ transparency proofs and historical checkpoint kids verify offline (55.761584ms)
✔ monitor rejects a signed fork and a rewind (2.827209ms)
✔ checkpoint verification rejects an unknown kid (0.577542ms)
✔ a signed but unlogged counter-signature is rejected as orphaned (8.717916ms)
✔ issuer status is fail-closed and approval verifies offline (57.813167ms)
▶ shared verifier SDK conformance vectors
  ✔ valid_exact_action (7.793792ms)
  ✔ audience_mismatch (0.794834ms)
  ✔ scope_capability_mismatch (0.409459ms)
  ✔ intent_mismatch (2.530792ms)
  ✔ tenant_mismatch (0.589208ms)
  ✔ subject_mismatch (0.449333ms)
  ✔ action_parameter_mismatch (0.420584ms)
  ✔ target_mismatch (1.110542ms)
  ✔ action_hash_mismatch (0.421875ms)
  ✔ signature_invalid (0.407792ms)
  ✔ strict_not_before (0.253292ms)
  ✔ strict_expiry (0.205292ms)
  ✔ not_before_minus_skew_boundary (0.370834ms)
  ✔ before_not_before_minus_skew (0.257833ms)
  ✔ expiry_plus_skew_boundary (0.349541ms)
  ✔ after_expiry_plus_skew (0.196083ms)
✔ shared verifier SDK conformance vectors (116.028584ms)
✔ verifier accepts both accepted canonicalization profile labels (12.632834ms)
✔ verifier refuses an unknown canonicalization profile label (4.291917ms)
▶ shared fractional-second timestamp vectors
  ✔ fractional_500000_short_and_offset_forms_verify (3.720667ms)
  ✔ fractional_123456_verifies (2.804666ms)
  ✔ fractional_123456_not_before_boundary (2.035875ms)
  ✔ fractional_123456_one_microsecond_before_not_before (1.47925ms)
  ✔ fractional_123456_expiry_boundary (1.176209ms)
  ✔ fractional_123456_one_microsecond_after_expiry (2.313208ms)
✔ shared fractional-second timestamp vectors (17.216583ms)
✔ verifier accepts a valid local proof (30.2585ms)
✔ verifier refuses audience mismatch (13.71225ms)
✔ verifier refuses action mutation (8.005375ms)
✔ verifier refuses expired proof (0.90375ms)
✔ verifier keeps strict not-before behavior by default (56.510625ms)
✔ verifier accepts proof within configured clock skew tolerance (39.187458ms)
✔ verifier refuses proof beyond configured clock skew tolerance (24.260791ms)
ℹ tests 96
ℹ suites 0
ℹ pass 96
ℹ fail 0
ℹ cancelled 0
ℹ skipped 0
ℹ todo 0
ℹ duration_ms 656.540666
