
> @actenon/verifier-sdk@0.2.0 test
> node --import tsx --test ./tests/*.test.ts

✔ counter-signature verifies offline under a historical kid (65.775375ms)
✔ counter-signature accepts a pinned receipt digest (21.554416ms)
✔ counter-signature rejects an unknown kid (69.269917ms)
✔ counter-signature rejects a wrong public key (32.614ms)
✔ counter-signature rejects an altered receipt digest (6.786041ms)
▶ edge-binding vectors (E1-E4)
  ✔ e1_declared_capability (7.082ms)
  ✔ e1_superset_declaration (3.612417ms)
  ✔ e1_other_capability (4.053833ms)
  ✔ e1_empty_declaration (1.090167ms)
  ✔ e1_pattern_not_expanded (0.911416ms)
  ✔ e1_case_sensitive (0.812667ms)
  ✔ e2_empty_constraints (1.443541ms)
  ✔ e2_signed_constraint_declared (0.932625ms)
  ✔ e2_value_differs (1.235542ms)
  ✔ e2_key_not_signed (1.245166ms)
  ✔ e2_type_differs (0.904625ms)
  ✔ e3_empty_selectors (0.7515ms)
  ✔ e3_resource_id_matches (0.8905ms)
  ✔ e3_resource_type_matches (1.822ms)
  ✔ e3_id_and_type_match (2.0005ms)
  ✔ e3_any_of (0.830375ms)
  ✔ e3_other_resource (2.01975ms)
  ✔ e3_partial_match_is_not_a_match (1.025459ms)
  ✔ e3_unknown_selector_key (1.887875ms)
  ✔ e4_single_use_true (3.324666ms)
  ✔ e4_single_use_false_signed (0.944375ms)
  ✔ mixed_edge_scope_star (0.82125ms)
  ✔ mixed_edge_scope_question (0.675625ms)
  ✔ mixed_edge_scope_brackets (0.95775ms)
✔ edge-binding vectors (E1-E4) (118.284833ms)
✔ the parsed-object verify entry points are not exposed (0.08075ms)
✔ Ed25519 JWK verifier verifies an EdDSA proof and refuses tampering (6.161417ms)
✔ Ed25519 verifier refuses unusable keys (0.872541ms)
▶ edge-revocation vectors (E5)
  ✔ e5_revocable_not_revoked (1.342417ms)
  ✔ e5_revocable_revoked (1.660291ms)
  ✔ e5_revocable_source_unavailable (1.042333ms)
  ✔ e5_revocable_no_source (1.19525ms)
  ✔ e5_non_revocable_no_source (0.939583ms)
  ✔ e5_non_revocable_revoked_source (1.030042ms)
  ✔ e5_no_authority_no_source (0.641875ms)
  ✔ e5_malformed_authority (1.288042ms)
  ✔ authority_missing_issuer (0.84425ms)
  ✔ authority_missing_grant_id (1.598875ms)
  ✔ authority_missing_revocable (1.515875ms)
✔ edge-revocation vectors (E5) (16.761125ms)
✔ Protocol's frozen invalid depth vector is refused (1.474042ms)
✔ Protocol depth 0 (0.106792ms)
✔ Protocol depth 31 (0.090334ms)
✔ Protocol depth 32 (0.066959ms)
✔ Protocol depth 33 (0.085ms)
✔ Protocol depth 127 (0.067583ms)
✔ verifyJSON accepts the raw shared vector (149.138084ms)
✔ verifyJSON refuses duplicate object members in the intent and the proof (29.232625ms)
✔ verifyJSON refuses non-integer number lexemes that JSON.parse would collapse (2.690292ms)
✔ verifyJSON refuses malformed and non-JSON-text input (3.823084ms)
✔ signature values must be canonical unpadded base64url (3.334209ms)
✔ verifyJSON does not discard an injected __proto__ parameter (1.307916ms)
✔ transparency proofs and historical checkpoint kids verify offline (121.440625ms)
✔ monitor rejects a signed fork and a rewind (13.862542ms)
✔ checkpoint verification rejects an unknown kid (29.337875ms)
✔ a signed but unlogged counter-signature is rejected as orphaned (52.515292ms)
✔ issuer status is fail-closed and approval verifies offline (184.210375ms)
▶ shared verifier SDK conformance vectors
  ✔ valid_exact_action (8.7235ms)
  ✔ audience_mismatch (1.050709ms)
  ✔ scope_capability_mismatch (1.334041ms)
  ✔ intent_mismatch (0.447625ms)
  ✔ tenant_mismatch (0.398709ms)
  ✔ subject_mismatch (0.351042ms)
  ✔ action_parameter_mismatch (0.346042ms)
  ✔ target_mismatch (0.324709ms)
  ✔ action_hash_mismatch (0.349625ms)
  ✔ signature_invalid (0.385375ms)
  ✔ strict_not_before (0.236083ms)
  ✔ strict_expiry (1.756ms)
  ✔ not_before_minus_skew_boundary (0.4915ms)
  ✔ before_not_before_minus_skew (0.288833ms)
  ✔ expiry_plus_skew_boundary (0.363958ms)
  ✔ after_expiry_plus_skew (0.239334ms)
✔ shared verifier SDK conformance vectors (34.250291ms)
✔ verifier accepts both accepted canonicalization profile labels (33.970625ms)
✔ verifier refuses an unknown canonicalization profile label (8.193542ms)
▶ shared fractional-second timestamp vectors
  ✔ fractional_500000_short_and_offset_forms_verify (3.370291ms)
  ✔ fractional_123456_verifies (12.943042ms)
  ✔ fractional_123456_not_before_boundary (84.271375ms)
  ✔ fractional_123456_one_microsecond_before_not_before (12.306209ms)
  ✔ fractional_123456_expiry_boundary (6.365208ms)
  ✔ fractional_123456_one_microsecond_after_expiry (2.094042ms)
✔ shared fractional-second timestamp vectors (124.0205ms)
✔ verifier accepts a valid local proof (95.695083ms)
✔ verifier refuses audience mismatch (14.779959ms)
✔ verifier refuses action mutation (1.684792ms)
✔ verifier refuses expired proof (2.243416ms)
✔ verifier keeps strict not-before behavior by default (11.37725ms)
✔ verifier accepts proof within configured clock skew tolerance (50.101375ms)
✔ verifier refuses proof beyond configured clock skew tolerance (15.902583ms)
ℹ tests 95
ℹ suites 0
ℹ pass 95
ℹ fail 0
ℹ cancelled 0
ℹ skipped 0
ℹ todo 0
ℹ duration_ms 1134.443041
